// Jest Snapshot v1, https://goo.gl/fbAQLP

exports[`AppComponent should have as title 'checklist' 1`] = `"checklist"`;
